
=== Scenario 1: 悬停 ===
cleanup_sim: 0
0 leftover process(es)
cleanup_sim: 0
0 leftover process(es)
  -> pass pass=True

=== Scenario 2: 单目标点 ===
cleanup_sim: 0
0 leftover process(es)
cleanup_sim: 0
0 leftover process(es)
  -> fail pass=False

=== Scenario 3: 多目标点(正方形4点) ===
cleanup_sim: 0
0 leftover process(es)
[INFO] [1783962147.838267665] [evaluate_drone]: Evaluation started: goal=(1.0, 1.0, 1.5), duration=110.0s
[INFO] [1783962147.943812617] [evaluate_drone]: Loaded 97073 obstacle points
[INFO] [1783962157.738440002] [evaluate_drone]: Loaded 97073 obstacle points
[INFO] [1783962167.746852500] [evaluate_drone]: Loaded 97073 obstacle points
[INFO] [1783962177.746415329] [evaluate_drone]: Loaded 97073 obstacle points
[INFO] [1783962187.743486472] [evaluate_drone]: Loaded 97073 obstacle points
[INFO] [1783962197.754654002] [evaluate_drone]: Loaded 97073 obstacle points
[INFO] [1783962207.743135277] [evaluate_drone]: Loaded 97073 obstacle points
[INFO] [1783962217.737161214] [evaluate_drone]: Loaded 97073 obstacle points
[INFO] [1783962227.743037335] [evaluate_drone]: Loaded 97073 obstacle points
[INFO] [1783962237.737163093] [evaluate_drone]: Loaded 97073 obstacle points
[INFO] [1783962247.742506944] [evaluate_drone]: Loaded 97073 obstacle points
[INFO] [1783962257.741790399] [evaluate_drone]: Loaded 97073 obstacle points
[INFO] [1783962258.474392972] [evaluate_drone]: Exported metrics to /home/jungod/drone_ws/report/acceptance_runs/scenario_03_multi_goal
[INFO] [1783962258.474921023] [evaluate_drone]: mean_err=0.660 max_err=33.615 final_err=0.000
cleanup_sim: 0
0 leftover process(es)
  -> pass pass=True

=== Scenario 4: 静态避障 ===
cleanup_sim: 0
0 leftover process(es)
[INFO] [1783962274.775846887] [evaluate_drone]: Evaluation started: goal=(17.0, 5.0, 1.5), duration=150.0s
[INFO] [1783962274.884371602] [evaluate_drone]: Loaded 96008 obstacle points
[INFO] [1783962282.578753239] [evaluate_drone]: Loaded 96008 obstacle points
[INFO] [1783962292.574726239] [evaluate_drone]: Loaded 96008 obstacle points
[INFO] [1783962302.573944846] [evaluate_drone]: Loaded 96008 obstacle points
[INFO] [1783962312.576921507] [evaluate_drone]: Loaded 96008 obstacle points
[INFO] [1783962322.576749757] [evaluate_drone]: Loaded 96008 obstacle points
[INFO] [1783962332.574392578] [evaluate_drone]: Loaded 96008 obstacle points
[INFO] [1783962342.576169274] [evaluate_drone]: Loaded 96008 obstacle points
[INFO] [1783962352.572881549] [evaluate_drone]: Loaded 96008 obstacle points
[INFO] [1783962362.577330696] [evaluate_drone]: Loaded 96008 obstacle points
[ros2run]: Killed
cleanup_sim: 0
0 leftover process(es)
  -> fail pass=False

=== Scenario 5: 狭窄通道绕行 ===
cleanup_sim: 0
0 leftover process(es)
[INFO] [1783962378.849586163] [evaluate_drone]: Evaluation started: goal=(17.0, 5.0, 1.5), duration=150.0s
[INFO] [1783962378.956716305] [evaluate_drone]: Loaded 97073 obstacle points
[INFO] [1783962386.718533151] [evaluate_drone]: Loaded 97073 obstacle points
[INFO] [1783962396.723107073] [evaluate_drone]: Loaded 97073 obstacle points
[INFO] [1783962406.717961108] [evaluate_drone]: Loaded 97073 obstacle points
[INFO] [1783962416.718408714] [evaluate_drone]: Loaded 97073 obstacle points
[INFO] [1783962426.724668203] [evaluate_drone]: Loaded 97073 obstacle points
[INFO] [1783962436.737684478] [evaluate_drone]: Loaded 97073 obstacle points
[INFO] [1783962446.723354407] [evaluate_drone]: Loaded 97073 obstacle points
[INFO] [1783962456.720247444] [evaluate_drone]: Loaded 97073 obstacle points
[INFO] [1783962466.722160336] [evaluate_drone]: Loaded 97073 obstacle points
[INFO] [1783962476.713299533] [evaluate_drone]: Loaded 97073 obstacle points
[INFO] [1783962486.715995687] [evaluate_drone]: Loaded 97073 obstacle points
[INFO] [1783962496.714864155] [evaluate_drone]: Loaded 97073 obstacle points
[INFO] [1783962506.717310127] [evaluate_drone]: Loaded 97073 obstacle points
[INFO] [1783962516.713236667] [evaluate_drone]: Loaded 97073 obstacle points
[INFO] [1783962526.715854760] [evaluate_drone]: Loaded 97073 obstacle points
[INFO] [1783962529.458990086] [evaluate_drone]: Exported metrics to /home/jungod/drone_ws/report/acceptance_runs/scenario_05_narrow_passage
[INFO] [1783962529.459559072] [evaluate_drone]: mean_err=0.040 max_err=4.191 final_err=0.000
cleanup_sim: 0
0 leftover process(es)
  -> fail pass=False

=== Scenario 6: 稳定性展示 ===
cleanup_sim: 0
0 leftover process(es)
cleanup_sim: 0
0 leftover process(es)
  -> fail pass=False

Report written to /home/jungod/drone_ws/report/acceptance_report.md
