
=== Scenario 1: 悬停 ===
cleanup_sim: 0
0 leftover process(es)
[INFO] [1783964273.102485635] [evaluate_drone]: Evaluation started: goal=(0.0, 0.0, 1.5), duration=45.0s
[INFO] [1783964273.103468411] [evaluate_drone]: Loaded 0 obstacle points
[INFO] [1783964318.656622616] [evaluate_drone]: Exported metrics to /home/jungod/drone_ws/report/acceptance_runs/scenario_01_hover
[INFO] [1783964318.657034632] [evaluate_drone]: mean_err=0.000 max_err=0.007 final_err=0.000
cleanup_sim: 0
0 leftover process(es)
  -> pass pass=True

=== Scenario 2: 单目标点 ===
cleanup_sim: 0
0 leftover process(es)
[INFO] [1783964334.666273423] [evaluate_drone]: Evaluation started: goal=(2.0, 1.0, 1.5), duration=50.0s
[INFO] [1783964334.667338633] [evaluate_drone]: Loaded 0 obstacle points
[INFO] [1783964385.179048640] [evaluate_drone]: Exported metrics to /home/jungod/drone_ws/report/acceptance_runs/scenario_02_single_goal
[INFO] [1783964385.179560311] [evaluate_drone]: mean_err=0.005 max_err=0.164 final_err=0.000
cleanup_sim: 0
0 leftover process(es)
  -> pass pass=True

=== Scenario 3: 多目标点(正方形4点) ===
cleanup_sim: 0
0 leftover process(es)
[INFO] [1783964403.013148975] [evaluate_drone]: Evaluation started: goal=(1.0, 1.0, 1.5), duration=110.0s
[INFO] [1783964403.014435086] [evaluate_drone]: Loaded 0 obstacle points
[INFO] [1783964513.456705784] [evaluate_drone]: Exported metrics to /home/jungod/drone_ws/report/acceptance_runs/scenario_03_multi_goal
[INFO] [1783964513.457126897] [evaluate_drone]: mean_err=0.567 max_err=3.236 final_err=0.000
cleanup_sim: 0
0 leftover process(es)
  -> pass pass=True

=== Scenario 4: 静态避障 ===
cleanup_sim: 0
0 leftover process(es)
[INFO] [1783964534.084333789] [evaluate_drone]: Evaluation started: goal=(17.0, 5.0, 1.5), duration=150.0s
[INFO] [1783964534.195074276] [evaluate_drone]: Loaded 96008 obstacle points
[INFO] [1783964684.666936905] [evaluate_drone]: Exported metrics to /home/jungod/drone_ws/report/acceptance_runs/scenario_04_avoidance
[INFO] [1783964684.667502318] [evaluate_drone]: mean_err=0.129 max_err=7.033 final_err=0.000
cleanup_sim: 0
0 leftover process(es)
  -> pass pass=True

=== Scenario 5: 狭窄通道绕行 ===
cleanup_sim: 0
0 leftover process(es)
[INFO] [1783964704.509341734] [evaluate_drone]: Evaluation started: goal=(17.0, 5.0, 1.5), duration=150.0s
[INFO] [1783964704.614618424] [evaluate_drone]: Loaded 97073 obstacle points
[INFO] [1783964855.096133018] [evaluate_drone]: Exported metrics to /home/jungod/drone_ws/report/acceptance_runs/scenario_05_narrow_passage
[INFO] [1783964855.096752351] [evaluate_drone]: mean_err=0.032 max_err=3.707 final_err=0.000
cleanup_sim: 0
0 leftover process(es)
  -> pass pass=True

=== Scenario 6: 稳定性展示 ===
cleanup_sim: 0
0 leftover process(es)
[INFO] [1783964871.962005259] [evaluate_drone]: Evaluation started: goal=(0.0, 0.0, 1.5), duration=90.0s
[INFO] [1783964871.962981135] [evaluate_drone]: Loaded 0 obstacle points
[INFO] [1783964962.420248673] [evaluate_drone]: Exported metrics to /home/jungod/drone_ws/report/acceptance_runs/scenario_06_stability_demo
[INFO] [1783964962.420647405] [evaluate_drone]: mean_err=0.204 max_err=0.303 final_err=0.181
cleanup_sim: 0
0 leftover process(es)
  -> pass pass=True

Report written to /home/jungod/drone_ws/report/acceptance_report.md
