[INFO] [launch]: All log files can be found below /home/jungod/.ros/log/2026-07-23-22-42-16-396954-jungod-asus-tuf-gaming-a15-90568
[INFO] [launch]: Default logging verbosity is set to INFO
[INFO] [dynamics_node-1]: process started with pid [90585]
[INFO] [controller_node-2]: process started with pid [90587]
[INFO] [map_node-3]: process started with pid [90589]
[INFO] [viz_node-4]: process started with pid [90591]
[INFO] [rviz2-5]: process started with pid [90593]
[viz_node-4] [INFO] [1784817736.475681125] [drone_visualization]: drone_visualization ready (quadrotor marker from /drone/odom)
[controller_node-2] [INFO] [1784817736.476185566] [drone_controller]: drone_controller ready: 100 Hz, mass=1.00, goal_fallback=on
[dynamics_node-1] [INFO] [1784817736.478539180] [drone_dynamics]: drone_dynamics ready: integ=500Hz pub=100Hz mass=1.00 (self-developed, not MARSIM/EGO sim)
[map_node-3] [INFO] [1784817736.491801178] [drone_map]: Map generated: mode=sparse seed=42 attempt=0 connected=true obstacles=0 points=0 downsample_voxel=0.000
[map_node-3] [INFO] [1784817736.492934303] [drone_map]: drone_map ready: mode=sparse seed=42 attempt=0 connected=yes points=0 (native cylinders+walls for dense/narrow; ego_* modes optional)
[rviz2-5] [INFO] [1784817737.029570143] [rviz2]: Stereo is NOT SUPPORTED
[rviz2-5] [INFO] [1784817737.029745754] [rviz2]: OpenGl version: 4.6 (GLSL 4.6)
[rviz2-5] [INFO] [1784817737.083365273] [rviz2]: Stereo is NOT SUPPORTED
[INFO] [send_goal-6]: process started with pid [90711]
[send_goal-6] [INFO] [1784817740.032116917] [send_goal]: Published goal (0.00, 0.00, 1.50) yaw=0.00 remaining=0 subs=2
[WARNING] [launch]: user interrupted with ctrl-c (SIGINT)
[INFO] [send_goal-6]: sending signal 'SIGINT' to process[send_goal-6]
[INFO] [rviz2-5]: sending signal 'SIGINT' to process[rviz2-5]
[INFO] [viz_node-4]: sending signal 'SIGINT' to process[viz_node-4]
[INFO] [map_node-3]: sending signal 'SIGINT' to process[map_node-3]
[INFO] [controller_node-2]: sending signal 'SIGINT' to process[controller_node-2]
[INFO] [dynamics_node-1]: sending signal 'SIGINT' to process[dynamics_node-1]
[viz_node-4] [INFO] [1784817792.213688402] [rclcpp]: signal_handler(SIGINT/SIGTERM)
[rviz2-5] [INFO] [1784817792.213695175] [rclcpp]: signal_handler(SIGINT/SIGTERM)
[map_node-3] [INFO] [1784817792.213693682] [rclcpp]: signal_handler(SIGINT/SIGTERM)
[dynamics_node-1] [INFO] [1784817792.213703280] [rclcpp]: signal_handler(SIGINT/SIGTERM)
[send_goal-6] Traceback (most recent call last):
[send_goal-6]   File "/home/jungod/drone_ws/install/drone_bringup/lib/drone_bringup/send_goal", line 33, in <module>
[send_goal-6]     sys.exit(load_entry_point('drone_bringup==0.1.0', 'console_scripts', 'send_goal')())
[send_goal-6]   File "/home/jungod/drone_ws/install/drone_bringup/lib/python3.10/site-packages/drone_bringup/send_goal.py", line 77, in main
[send_goal-6]     rclpy.spin(node)
[send_goal-6]   File "/opt/ros/humble/local/lib/python3.10/dist-packages/rclpy/__init__.py", line 229, in spin
[send_goal-6]     executor.spin_once()
[send_goal-6]   File "/opt/ros/humble/local/lib/python3.10/dist-packages/rclpy/executors.py", line 808, in spin_once
[send_goal-6]     self._spin_once_impl(timeout_sec)
[send_goal-6]   File "/opt/ros/humble/local/lib/python3.10/dist-packages/rclpy/executors.py", line 803, in _spin_once_impl
[send_goal-6]     handler()
[send_goal-6]   File "/opt/ros/humble/local/lib/python3.10/dist-packages/rclpy/task.py", line 256, in __call__
[send_goal-6]     self._execute_coroutine_step(self._handler)
[send_goal-6]   File "/opt/ros/humble/local/lib/python3.10/dist-packages/rclpy/task.py", line 272, in _execute_coroutine_step
[send_goal-6]     result = coro.send(None)
[send_goal-6]   File "/opt/ros/humble/local/lib/python3.10/dist-packages/rclpy/executors.py", line 488, in handler
[send_goal-6]     await call_coroutine(entity, arg)
[send_goal-6]   File "/opt/ros/humble/local/lib/python3.10/dist-packages/rclpy/executors.py", line 396, in _execute_timer
[send_goal-6]     await await_or_execute(tmr.callback)
[send_goal-6]   File "/opt/ros/humble/local/lib/python3.10/dist-packages/rclpy/executors.py", line 110, in await_or_execute
[send_goal-6]     return callback(*args)
[send_goal-6]   File "/home/jungod/drone_ws/install/drone_bringup/lib/python3.10/site-packages/drone_bringup/send_goal.py", line 61, in <lambda>
[send_goal-6]     self.create_timer(0.2, lambda: rclpy.shutdown())
[send_goal-6]   File "/opt/ros/humble/local/lib/python3.10/dist-packages/rclpy/__init__.py", line 130, in shutdown
[send_goal-6]     _shutdown(context=context)
[send_goal-6]   File "/opt/ros/humble/local/lib/python3.10/dist-packages/rclpy/utilities.py", line 58, in shutdown
[send_goal-6]     return context.shutdown()
[send_goal-6]   File "/opt/ros/humble/local/lib/python3.10/dist-packages/rclpy/context.py", line 103, in shutdown
[send_goal-6]     self._call_on_shutdown_callbacks()
[send_goal-6]   File "/opt/ros/humble/local/lib/python3.10/dist-packages/rclpy/context.py", line 92, in _call_on_shutdown_callbacks
[send_goal-6]     callback = weak_method()
[send_goal-6]   File "/opt/ros/humble/local/lib/python3.10/dist-packages/rclpy/__init__.py", line 111, in reset_executor
[send_goal-6]     __executor.shutdown()
[send_goal-6]   File "/opt/ros/humble/local/lib/python3.10/dist-packages/rclpy/executors.py", line 252, in shutdown
[send_goal-6]     if not self._work_tracker.wait(timeout_sec):
[send_goal-6]   File "/opt/ros/humble/local/lib/python3.10/dist-packages/rclpy/executors.py", line 97, in wait
[send_goal-6]     if not self._work_condition.wait_for(
[send_goal-6]   File "/usr/lib/python3.10/threading.py", line 355, in wait_for
[send_goal-6]     self.wait(waittime)
[send_goal-6]   File "/usr/lib/python3.10/threading.py", line 320, in wait
[send_goal-6]     waiter.acquire()
[send_goal-6] KeyboardInterrupt
[controller_node-2] [INFO] [1784817792.213959974] [rclcpp]: signal_handler(SIGINT/SIGTERM)
[rviz2-5] [INFO] [1784817792.217056960] [rclcpp]: signal_handler(SIGINT/SIGTERM)
[viz_node-4] [INFO] [1784817792.217448287] [rclcpp]: signal_handler(SIGINT/SIGTERM)
[map_node-3] [INFO] [1784817792.217753802] [rclcpp]: signal_handler(SIGINT/SIGTERM)
[controller_node-2] [INFO] [1784817792.218060189] [rclcpp]: signal_handler(SIGINT/SIGTERM)
[dynamics_node-1] [INFO] [1784817792.218318977] [rclcpp]: signal_handler(SIGINT/SIGTERM)
[ERROR] [send_goal-6]: process has died [pid 90711, exit code -2, cmd '/home/jungod/drone_ws/install/drone_bringup/lib/drone_bringup/send_goal --x 0.0 --y 0.0 --z 1.5 --yaw 0.0 --topic /drone/goal --repeats 1'].
[INFO] [viz_node-4]: process has finished cleanly [pid 90591]
[INFO] [controller_node-2]: process has finished cleanly [pid 90587]
[INFO] [dynamics_node-1]: process has finished cleanly [pid 90585]
[INFO] [map_node-3]: process has finished cleanly [pid 90589]
[INFO] [rviz2-5]: process has finished cleanly [pid 90593]
